stage6_trap_capture on F28034 (dss, HW breakpoint @0x3FF8CD, frozen OUT)
PC=0x3ff8cd (ITRAP handler)
RPC=0x3ea35c  (_InitAdc LRETR, usDelay call return point)
SP=0x881d  (.stack @ RAML1 0x8800..0x88C0 -> STACK_OVERFLOW_EXCLUDED, margin>=29 words)
ST0=128 ST1=35339(0x8A0B) IER=0 IFR=0 DP=448(0x1C0)
AR0=20(0x14) AR1=1 AR2=0 AR3=32798(0x801e) <- in usDelay RAM region
AR4=18928(0x249f0) AR5=26642(0x6812) AR6=0 AR7=31872(0x3d7c80=Device_cal)
Contiguous stack SP-24..SP+24 (every 16-bit word):
0x8805=0x0 0x8806=0xa4e1 0x8807=0x3e 0x8808=0xa42b 0x8809=0x3e
0x880a=0xa37f 0x880b=0x3e 0x880c=0xa17d 0x880d=0x3e 0x880e=0x80
0x880f=0x0 0x8810=0x2edd 0x8811=0x0 0x8812=0xffff 0x8813=0xffff
0x8814=0x14 0x8815=0x1 0x8816=0x8a0b 0x8817=0x1c4 0x8818=0x0
0x8819=0x1f 0x881a=0x801e 0x881b=0x0 0x881c=0x8a0b 0x881d=0x1c4
0x881e=0x0 0x881f=0x601f 0x8820=0x8002 0x8821=0x0 0x8822=0x28a9
0x8823=0x18f 0x8824=0x9b24 0x8825=0x6f28 0x8826=0x761f 0x8827=0x12
0x8828=0x56bf 0x8829=0x917 0x882a=0x200 0x882b=0x761f 0x882c=0x15
0x882d=0x56bf 0x882e=0x30f 0x882f=0x761f 0x8830=0x19 0x8831=0x1e1a
0x8832=0x761f 0x8833=0x15 0x8834=0x28a9 0x8835=0x18f
Decode: ITRAP_RETURN_ADDRESS = RPC = 0x3EA35C; offending execution at RAM 0x801D
(usDelay .TI.ramfunc RUN addr, uninitialized 0x0000). XAR3=0x801E confirms PC in usDelay region.
