W2_BURST_LIVE_TAKEOVER_PACKET_V1 OFFLINE QUALIFICATION
DATE=2026-09-04
SOURCE_COMMIT=9fbd6bb67cc5e2475c3cb8912ba94c14215ece39

ROOT_CAUSE_CHANGE=COAST_COLD_RESTART_REMOVED
REAL_SEQUENCE=FORMAL_SOFTSTART_TO_LIVE_TAKEOVER_176470HZ_TO_170000HZ_TO_EXACT_PACKET_TO_PLANNED_OST
PROTECTION_CHANGE=NONE
FROZEN_WARNING_RAW=1304
FROZEN_HARD_RAW=1367
FROZEN_PACKET_DB=36
FROZEN_PRODUCTION_ENVELOPE_HZ=145000..170000

STATIC=SOL_W2_LIVE_TAKEOVER_PACKET_STATIC_PASS=TRUE (11/11)
NE=SOL_W2_LIVE_TAKEOVER_PACKET_NOENERGY_PASS=TRUE
NE_EXACT=1C_PASS,2C_PASS,3C_PASS,5C_PASS
NE_REJECT=4C_REJECT_BEFORE_COUNT
NE_FAULT_INJECTION=FAULT_AT_FIRST_COUNTABLE_BOUNDARY__COMPLETED_0__FINAL_PWM0_OST1_TZINT0
REGRESSION_OPEN_LOOP=SOL_W2_OPEN_LOOP_STEADY_NOENERGY_PASS=TRUE
REGRESSION_BURST_REGION=BURST_REGION_NE_VERIFICATION_PASS__21_PASS_0_FALSE
REGRESSION_HISTORICAL_PACKET=BURST_PACKET_NE_VERIFICATION_PASS=TRUE
REGRESSION_HANDOFF_BRAKE=SOL_W2_HANDOFF_BRAKE_TESTS_PASS

NE_FIXTURE_NOTE=GROUP1_20US_SYNTHETIC_HARNESS_CAN_STARVE_GROUP3; NE_ONLY_CALLS_IDENTICAL_BOUNDARY_HANDLER_PER_SYNTHETIC_TICK_WITH_INTEN0; REAL_COMPILES_OUT_NE_PATH_AND_USES_EPWM1_CTR_ZERO_ISR

REAL_BUILD=PASS
REAL_CGT=25.11.1.LTS
REAL_ABI=COFF
REAL_OUT_SHA256=E594FF48D49450A1DE4F8D76F653E396CD588F44D5226F2AA50C2A04A8063C30
REAL_MAP_SHA256=AD8008AA1B4F0C5D23B79409A6F48D14504D95B01D70F1DD471D2186DDEA141D
NE_OUT_SHA256=05DABD9E66A4DE51D178466B5F2EE5076A5847F9920B6ED0CED8DC39D6DEDCFC
REAL_SYMBOLS_PRESENT=STATE,RESULT,COMPLETED,TRANSITION_TBPRD,TRANSITION_HZ,FINAL_OST

REAL_POLICY=EXACT_SHA_HARD_GATE__ONE_ENABLE_EDGE__1C_ONLY__NO_HOST_SECOND_FIRE__NO_AUTO_RETRY
OPERATOR_STATE=VIN24_ACTIVE__CR15_ELECTRONIC_LOAD_ACTIVE
STATUS=READY_FOR_REAL_1C
