=== SOL W2 OPEN_LOOP_STEADY NOENERGY ===
PRE_OST_LOCKED=TRUE
PRE_PWM_DISABLED=TRUE
PRE_FAULT_CLEAR=TRUE
PRE_OL_IDLE=TRUE
S5A_ACTIVE=TRUE
S5A_PHASE_SLEW_OR_SETTLE=TRUE
S5A_ENTRY_170K=TRUE
S5A_STEADY=TRUE
S5A_PHASE_STEADY=TRUE
S5A_SETTLE_MS=TRUE
S5A_WINDOWS=TRUE
S5A_MEAN=TRUE
S5A_LAST_RAW=TRUE
OBS S5A settle_ms=300 win_index=4 steady_ticks=20000
S5A_STOP_HOST=TRUE
S5A_PWM0=TRUE
S5A_OST1=TRUE
S5A_TZINT0=TRUE
S5A_INACTIVE=TRUE
S5B_NO_STEADY=TRUE
S5B_WINDOWS=TRUE
S5B_STOP_HOST=TRUE
S5B_PWM0=TRUE
S5B_OST1=TRUE
S5B_TZINT0=TRUE
S5B_INACTIVE=TRUE
S1_TRACE_16=TRUE
S1_SLEW_STEPS_40=TRUE
S1_APPLIED_150K=TRUE
S1_EFFECTIVE_150K=TRUE
S1_NO_CLAMP=TRUE
S1_ACTUATOR_GATED_TBPRD=TRUE
S1_SLEW_DONE=TRUE
S1_STEADY_AFTER_SLEW=TRUE
S1_STEADY_TICKS=TRUE
OBS S1 slew_done_tick=40 settle_ms=299 steps=40
S1_PWM0=TRUE
S1_OST1=TRUE
S1_TZINT0=TRUE
S1_INACTIVE=TRUE
S2_CLAMP_HIGH_EFF=TRUE
S2_CLAMP_COUNT=TRUE
S2_APPLIED_AT_MAX=TRUE
S2_CLAMP_LOW_EFF=TRUE
S2_APPLIED_145K=TRUE
S2_CLAMP_COUNT_GREW=TRUE
S2_NO_FAULT=TRUE
S2_PWM0=TRUE
S2_OST1=TRUE
S2_TZINT0=TRUE
S2_INACTIVE=TRUE
S3_STOP_WARNING=TRUE
S3_UPPER_BOUNDARY=TRUE
S3_NO_FAULT=TRUE
S3_STOP_MEAN=TRUE
S3_PWM0=TRUE
S3_OST1=TRUE
S3_TZINT0=TRUE
S3_INACTIVE=TRUE
S4_FAULT_BIT=TRUE
S4_SYS_FAULT=TRUE
S4_STOP_HARD=TRUE
S4_STOP_FAULT_BIT=TRUE
S4_PWM0=TRUE
S4_OST1=TRUE
S4_TZINT0=TRUE
S4_INACTIVE=TRUE
S7_TBPRD_386=TRUE
S7_CMPA_193=TRUE
S7_SW_FREQ=TRUE
S7_ACTUAL_FREQ=TRUE
S7_DB=TRUE
S7_STILL_OST=TRUE
S7_STILL_PWM0=TRUE
S7_STEADY=TRUE
S7_STOP_FREQ_APPLIED=TRUE
S7_PWM0=TRUE
S7_OST1=TRUE
S7_TZINT0=TRUE
S7_INACTIVE=TRUE
S6_STOP_TIMEOUT=TRUE
S6_PWM0=TRUE
S6_OST1=TRUE
S6_TZINT0=TRUE
S6_INACTIVE=TRUE
OBS S8 dcount=10385 dticks=10386 isr_samples=10385 interval_max=1227 interval_min=1167 isr_max=1062
S8_ENTRY_COUNT_200MS=TRUE
S8_TICKS_200MS=TRUE
S8_INTERVAL_MAX=TRUE
S8_INTERVAL_MIN=TRUE
S8_WHOLE_ISR_MAX=TRUE
S8_PWM0=TRUE
S8_OST1=TRUE
S8_TZINT0=TRUE
S8_INACTIVE=TRUE
FINAL_NO_FAULT=TRUE
FINAL_TBPRD_386=TRUE
SOL_W2_OPEN_LOOP_STEADY_NOENERGY_PASS=TRUE
